// Jest Snapshot v1, https://goo.gl/fbAQLP

exports[`FormFilmAdd component should render FormFilmAdd component 1`] = `ShallowWrapper {}`;
